// Jest Snapshot v1, https://goo.gl/fbAQLP

exports[`MarkupText should render correctly 1`] = `
ShallowWrapper {
  Symbol(enzyme.__root__): [Circular],
  Symbol(enzyme.__unrendered__): <MarkupText
    text="<CALL>malaysia one two</CALL> cleared for takeoff"
  />,
  Symbol(enzyme.__renderer__): Object {
    "batchedUpdates": [Function],
    "getNode": [Function],
    "render": [Function],
    "simulateError": [Function],
    "simulateEvent": [Function],
    "unmount": [Function],
  },
  Symbol(enzyme.__node__): Object {
    "instance": null,
    "key": undefined,
    "nodeType": "class",
    "props": Object {
      "children": Array [
        "",
        " ",
        <WithStyles(Tooltip)
          title="CALL"
        >
          <ForwardRef
            type="CALL"
          >
            one
          </ForwardRef>
        </WithStyles(Tooltip)>,
        " ",
        "cleared for takeoff",
        " ",
      ],
    },
    "ref": null,
    "rendered": Array [
      "",
      " ",
      Object {
        "instance": null,
        "key": "1",
        "nodeType": "class",
        "props": Object {
          "children": <ForwardRef
            type="CALL"
          >
            one
          </ForwardRef>,
          "title": "CALL",
        },
        "ref": null,
        "rendered": Object {
          "instance": null,
          "key": undefined,
          "nodeType": "function",
          "props": Object {
            "children": "one",
            "type": "CALL",
          },
          "ref": null,
          "rendered": "one",
          "type": Object {
            "$$typeof": Symbol(react.forward_ref),
            "attrs": Array [],
            "componentStyle": ComponentStyle {
              "componentId": "MarkupText__Highlight-sc-1n8j6db-0",
              "isStatic": false,
              "rules": Array [
                "padding:4px 2px;border-width:0;border-radius:4px;background-color:",
                [Function],
                ";",
              ],
            },
            "displayName": "MarkupText__Highlight",
            "foldedComponentIds": Array [],
            "render": [Function],
            "styledComponentId": "MarkupText__Highlight-sc-1n8j6db-0",
            "target": "span",
            "toString": [Function],
            "warnTooManyClasses": [Function],
            "withComponent": [Function],
          },
        },
        "type": [Function],
      },
      " ",
      "cleared for takeoff",
      " ",
    ],
    "type": [Function],
  },
  Symbol(enzyme.__nodes__): Array [
    Object {
      "instance": null,
      "key": undefined,
      "nodeType": "class",
      "props": Object {
        "children": Array [
          "",
          " ",
          <WithStyles(Tooltip)
            title="CALL"
          >
            <ForwardRef
              type="CALL"
            >
              one
            </ForwardRef>
          </WithStyles(Tooltip)>,
          " ",
          "cleared for takeoff",
          " ",
        ],
      },
      "ref": null,
      "rendered": Array [
        "",
        " ",
        Object {
          "instance": null,
          "key": "1",
          "nodeType": "class",
          "props": Object {
            "children": <ForwardRef
              type="CALL"
            >
              one
            </ForwardRef>,
            "title": "CALL",
          },
          "ref": null,
          "rendered": Object {
            "instance": null,
            "key": undefined,
            "nodeType": "function",
            "props": Object {
              "children": "one",
              "type": "CALL",
            },
            "ref": null,
            "rendered": "one",
            "type": Object {
              "$$typeof": Symbol(react.forward_ref),
              "attrs": Array [],
              "componentStyle": ComponentStyle {
                "componentId": "MarkupText__Highlight-sc-1n8j6db-0",
                "isStatic": false,
                "rules": Array [
                  "padding:4px 2px;border-width:0;border-radius:4px;background-color:",
                  [Function],
                  ";",
                ],
              },
              "displayName": "MarkupText__Highlight",
              "foldedComponentIds": Array [],
              "render": [Function],
              "styledComponentId": "MarkupText__Highlight-sc-1n8j6db-0",
              "target": "span",
              "toString": [Function],
              "warnTooManyClasses": [Function],
              "withComponent": [Function],
            },
          },
          "type": [Function],
        },
        " ",
        "cleared for takeoff",
        " ",
      ],
      "type": [Function],
    },
  ],
  Symbol(enzyme.__options__): Object {
    "adapter": ReactSixteenAdapter {
      "options": Object {
        "enableComponentDidUpdateOnSetState": true,
        "lifecycles": Object {
          "componentDidUpdate": Object {
            "onSetState": true,
          },
          "getDerivedStateFromProps": true,
          "getSnapshotBeforeUpdate": true,
          "setState": Object {
            "skipsComponentDidUpdateOnNullish": true,
          },
        },
      },
    },
  },
}
`;
